input 0 0 clk
input 1 0 rst
input 2 0 inp
input 3 1 inp
input 4 2 inp
input 5 3 inp
input 6 4 inp
input 7 5 inp
input 8 6 inp
input 9 7 inp
input 10 8 inp
input 11 9 inp
input 12 10 inp
input 13 11 inp
input 14 12 inp
input 15 13 inp
input 16 14 inp
input 17 15 inp
input 18 0 en
output 0 0 trigger
latch 0 0 cnt
latch 1 1 cnt
latch 2 2 cnt
latch 3 3 cnt
latch 4 4 cnt
latch 5 5 cnt
latch 6 6 cnt
latch 7 7 cnt
latch 8 8 cnt
latch 9 9 cnt
latch 10 10 cnt
latch 11 11 cnt
latch 12 12 cnt
latch 13 13 cnt
latch 14 14 cnt
latch 15 15 cnt
latch 16 0 base
latch 17 1 base
latch 18 2 base
latch 19 3 base
latch 20 4 base
latch 21 5 base
latch 22 6 base
latch 23 7 base
latch 24 8 base
latch 25 9 base
latch 26 10 base
latch 27 11 base
latch 28 12 base
latch 29 13 base
latch 30 14 base
latch 31 15 base
latch 32 0 addr
latch 33 1 addr
latch 34 2 addr
latch 35 3 addr
latch 36 4 addr
latch 37 5 addr
latch 38 6 addr
latch 39 7 addr
latch 40 8 addr
latch 41 9 addr
latch 42 10 addr
latch 43 11 addr
latch 44 12 addr
latch 45 13 addr
latch 46 14 addr
latch 47 15 addr
